[www.dealabs.com/bons-plans.html]
[backblue.gif]
[fade.gif]
[index.html]
[assets.dealabs.com/assets/css/base_a0802.css]
[www.dealabs.com/index.html]
[assets.dealabs.com/assets/js/jquery_e42974.js]
[assets.dealabs.com/assets/js/common_9e94e7.js]
[assets.dealabs.com/assets/js/app_49ba9f.js]
[assets.dealabs.com/assets/js/thread-detail_a748f2.js]
[assets.dealabs.com/assets/js/redactor_5216d7.js]
[www.dealabs.com/bons-plans4658.html]
[www.dealabs.com/frontend-override/fr/favicon.ico]
[assets.dealabs.com/assets/img/appicon_e6fa6.png]
[www.dealabs.com/codes-promo.html]
[www.dealabs.com/groupe/gratuit.html]
[www.dealabs.com/discussions.html]
[www.dealabs.com/search/suggestions.html]
[www.dealabs.com/page/shoop.html]
[www.dealabs.com/login.html]
[www.dealabs.com/bons-plans-nouveaux.html]
[www.dealabs.com/bons-plans-commentes.html]
[www.dealabs.com/user/filter-settings.html]
[www.dealabs.com/pagination/popovercaac.json]
[www.dealabs.com/bons-plansd19d.html]
[www.dealabs.com/bons-plans/carte-micro-sdxc-samsung-evo-plus-u3-128-go-1179345.html]
[static-pepper.dealabs.com/threads/thread_large/default/1179345_1.jpg]
[www.dealabs.com/bons-plans/mymemory.html]
[static-pepper.dealabs.com/users/user_small_listing_avatar/default/12070_1.jpg]
[static-pepper.dealabs.com/threads/thread_large/default/1179194_2.jpg]
[www.dealabs.com/bons-plans/tous-les-pantalons-chemises-et-blouses-a-5eur-1179194.html]
[assets.dealabs.com/assets/img/profile-listing-placeholder_028af.png]
[www.dealabs.com/bons-plans/mangooutlet.html]
[www.dealabs.com/bons-plans/1-biere-brune-50cl-pour-le-prix-dune-biere-brune-25cl-1179156.html]
[static-pepper.dealabs.com/threads/thread_large/default/1179156_2.jpg]
[static-pepper.dealabs.com/users/user_small_listing_avatar/default/250329_1.jpg]
[assets.dealabs.com/assets/img/logo/logo-120x120_be631.png]
[static-pepper.dealabs.com/threads/thread_large/default/1179331_1.jpg]
[www.dealabs.com/bons-plans/destiny-le-roi-des-corrompus-edition-legendaire-sur-xbox-one-et-ps4-en-magasin-via-lappli-micromania-1179331.html]
[static-pepper.dealabs.com/users/user_small_listing_avatar/default/39775_1.jpg]
[www.dealabs.com/bons-plans/micromania.html]
[www.dealabs.com/_https_/go.onelink.me/2090959700.307880.delayed]
[www.dealabs.com/bons-plans/star-wars-battlefront-2-2005-sur-pc-dematerialise-steam-1179257.html]
[static-pepper.dealabs.com/users/user_small_listing_avatar/default/68870_1.jpg]
[www.dealabs.com/bons-plans/gamesplanet.html]
[www.dealabs.com/bons-plans/ssd-interne-25-crucial-mx500-500-go-1179335.html]
[static-pepper.dealabs.com/users/user_small_listing_avatar/default/22791_21.jpg]
[www.dealabs.com/bons-plans/cdiscount.html]
[www.dealabs.com/bons-plans/paquet-de-18-barres-kinder-maxi-lons-montmorot-39-1178908.html]
[www.dealabs.com/bons-plans/leader-price.html]
[static-pepper.dealabs.com/users/user_small_listing_avatar/default/349727_8.jpg]
[www.dealabs.com/bons-plans/manette-sans-fil-microsoft-xbox-one-mediaworld-frontaliers-italie-1179290.html]
[static-pepper.dealabs.com/users/user_small_listing_avatar/default/173708_38.jpg]
[www.dealabs.com/bons-plans/kit-de-ram-tkg-t-force-ddr4-3000-cl16-16-go-2x8-1179271.html]
[static-pepper.dealabs.com/users/user_small_listing_avatar/default/839648_2.jpg]
[www.dealabs.com/bons-plans/newegg.html]
[www.dealabs.com/bons-plans/abonnes-tv-dorange-abonnement-mensuel-a-bein-sports-pendant-3-mois-sans-engagement-1179312.html]
[static-pepper.dealabs.com/users/user_small_listing_avatar/default/98958_17.jpg]
[www.dealabs.com/bons-plans/orange.html]
[www.dealabs.com/bons-plans/drone-quadricoptere-diy-revell-control-x-wing-star-wars-1179276.html]
[www.dealabs.com/bons-plans/pour-les-femmes-billet-pour-le-match-de-football-rc-lens-bourg-en-bresse-peronnas-01-le-lundi-12-mars-au-stade-bollaert-delelis-62-1179168.html]
[www.dealabs.com/bons-plans/billetterie.rclens.dspsport.html]
[static-pepper.dealabs.com/users/user_small_listing_avatar/default/115414_1.jpg]
[www.dealabs.com/bons-plans/smartphone-55-xiaomi-redmi-note-4-full-hd-snapdragon-625-3-go-de-ram-32-go-4g-b20-vendeur-tiers-1179279.html]
[static-pepper.dealabs.com/users/user_small_listing_avatar/default/177668_1.jpg]
[www.dealabs.com/bons-plans/refroidissement-liquide-pour-processeur-nzxt-kraken-x62-1178963.html]
[www.dealabs.com/bons-plans/hardwarefr.html]
[static-pepper.dealabs.com/users/user_small_listing_avatar/default/301171_1.jpg]
[www.dealabs.com/bons-plans/disque-dur-interne-35-western-digital-wd-blue-5400-trsmin-64-mo-4-to-wd40ezrz-1179241.html]
[static-pepper.dealabs.com/users/user_small_listing_avatar/default/10337_6.jpg]
[www.dealabs.com/bons-plans/nettoyeur-haute-pression-parkside-phd-150-f4-1179046.html]
[www.dealabs.com/bons-plans/lidl.html]
[static-pepper.dealabs.com/users/user_small_listing_avatar/default/318896_1.jpg]
[www.dealabs.com/bons-plans/boitier-pc-zalman-atx-r1-avec-fenetre-depackage-teste-approuve-1179070.html]
[www.dealabs.com/bons-plans/rueducommerce.html]
[static-pepper.dealabs.com/users/user_small_listing_avatar/default/229317_1.jpg]
[www.dealabs.com/bons-plans/nintendo-switch-mario-the-lapins-cretins-kingdom-battle-fr-frontaliers-belgique-1179102.html]
[www.dealabs.com/bons-plans/dreamland.html]
[static-pepper.dealabs.com/users/user_small_listing_avatar/default/79809_2.jpg]
[www.dealabs.com/bons-plans/selection-de-packs-nintendo-switch-en-promotion-ex-console-neon-arms-super-mario-odyssey-1179270.html]
[www.dealabs.com/bons-plans/ballon-adidas-europa-league-1179157.html]
[www.dealabs.com/bons-plans/decathlon.html]
[www.dealabs.com/codes-promo/cdiscount.html]
[www.dealabs.com/codes-promo/darty.html]
[www.dealabs.com/codes-promo/rueducommerce.html]
[www.dealabs.com/codes-promo/amazon.html]
[www.dealabs.com/codes-promo/nike.html]
[www.dealabs.com/codes-promo/fnac.html]
[www.dealabs.com/codes-promo/adidas.html]
[www.dealabs.com/codes-promo/ebay.html]
[www.dealabs.com/codes-promo/reebok.html]
[www.dealabs.com/codes-promo/gearbest.html]
[www.dealabs.com/codes-promo/tomtop.html]
[www.dealabs.com/codes-promo/levis.html]
[www.dealabs.com/bons-plans/canon.html]
[www.dealabs.com/codes-promo/photo-sur-toile.html]
[www.dealabs.com/codes-promo/carrefour.html]
[www.dealabs.com/codes-promo/auchan.html]
[www.dealabs.com/codes-promo/leclerc.html]
[www.dealabs.com/codes-promo/vente-privee.html]
[www.dealabs.com/codes-promo/boulanger.html]
[www.dealabs.com/codes-promo/priceminister.html]
[www.dealabs.com/codes-promo/groupon.html]
[www.dealabs.com/codes-promo/showroomprive.html]
[www.dealabs.com/codes-promo/bouyguestelecom.html]
[www.dealabs.com/bons-plans/itunes-apple.html]
[www.dealabs.com/codes-promo/nocibe.html]
[www.dealabs.com/codes-promo/sephora.html]
[www.dealabs.com/codes-promo/laredoute.html]
[www.dealabs.com/codes-promo/zalando.html]
[www.dealabs.com/codes-promo/marionnaud.html]
[www.dealabs.com/codes-promo/oxybul.html]
[www.dealabs.com/codes-promo/sarenza.html]
[www.dealabs.com/codes-promo/asos.html]
[www.dealabs.com/codes-promo/conforama.html]
[www.dealabs.com/codes-promo/gemo.html]
[www.dealabs.com/codes-promo/ldlc.html]
[www.dealabs.com/codes-promo/ikea.html]
[www.dealabs.com/codes-promo/hm.html]
[www.dealabs.com/codes-promo/photobox.html]
[www.dealabs.com/codes-promo/decathlon.html]
[www.dealabs.com/codes-promo/etam.html]
[www.dealabs.com/codes-promo/yves-rocher.html]
[www.dealabs.com/codes-promo/but.html]
[www.dealabs.com/codes-promo/photoweb.html]
[www.dealabs.com/codes-promo/sosh.html]
[www.dealabs.com/codes-promo/hollister.html]
[www.dealabs.com/codes-promo/monoprix.html]
[www.dealabs.com/codes-promo/cultura.html]
[www.dealabs.com/codes-promo/manomano.html]
[www.dealabs.com/codes-promo/uber.html]
[www.dealabs.com/codes-promo/microsoftstore.html]
[www.dealabs.com/codes-promo/micromania.html]
[www.dealabs.com/codes-promo/vertbaudet.html]
[www.dealabs.com/bons-plans/booking.html]
[www.dealabs.com/codes-promo/3suisses.html]
[www.dealabs.com/codes-promo/kiabi.html]
[www.dealabs.com/codes-promo/ubaldi.html]
[www.dealabs.com/codes-promo/spartoo.html]
[www.dealabs.com/codes-promo/bonprix.html]
[www.dealabs.com/codes-promo/mister-auto.html]
[www.dealabs.com/codes-promo/newlook.html]
[www.dealabs.com/codes-promo/pimkie.html]
[www.dealabs.com/codes-promo/maty.html]
[www.dealabs.com/codes-promo/monalbumphoto.html]
[www.dealabs.com/codes-promo/vistaprint.html]
[www.dealabs.com/codes-promo/blancheporte.html]
[www.dealabs.com/codes-promo/missguided.html]
[www.dealabs.com/codes-promo/boohoo.html]
[www.dealabs.com/codes-promo/zooplus.html]
[www.dealabs.com/codes-promo/motoblouz.html]
[www.dealabs.com/codes-promo/chaussea.html]
[www.dealabs.com/codes-promo/dominos-pizza.html]
[www.dealabs.com/bons-plans/ingdirect.html]
[www.dealabs.com/black-friday.html]
[www.dealabs.com/amazon-prime.html]
[www.dealabs.com/singles-day.html]
[www.dealabs.com/cyber-monday.html]
[www.dealabs.com/soldes-hiver.html]
[www.dealabs.com/saint-valentin.html]
[www.dealabs.com/feedback.html]
[www.dealabs.com/contact.html]
[www.dealabs.com/a-propos.html]
[www.dealabs.com/faq.html]
[www.dealabs.com/reglespublication.html]
[www.dealabs.com/cgu.html]
[www.dealabs.com/police-vie-privee.html]
[www.dealabs.com/mentions-legales.html]
[www.dealabs.com/rss/tout]
[www.dealabs.com/groupe/.ico]
[www.google-analytics.com/analytics.js]
[www.dealabs.com/bons-plans.html]
[assets.dealabs.com/assets/js/let-it-snow_a9e546.js]
[www.dealabs.com/index.html]
[assets.dealabs.com/assets/css/base_a0802.css]
[www.dealabs.com/bons-plans4658.html]
