[www.youtube.com/watchc0dc.html]
[backblue.gif]
[fade.gif]
[index.html]
[www.youtube.com/yts/jsbin/scheduler-vflXXIUYt/scheduler.js]
[www.youtube.com/yts/jsbin/www-pagead-id-vflQArhct/www-pagead-id.js]
[www.youtube.com/yts/jsbin/player-vflLdwQUM/fr_FR/base.js]
[www.youtube.com/manifest.json]
[www.youtube.com/opensearch0959]
[www.youtube.com/yts/img/favicon_32-vflOogEID.png]
[www.youtube.com/yts/img/favicon_48-vflVjB_Qk.png]
[www.youtube.com/yts/img/favicon_96-vflW9Ec0w.png]
[www.youtube.com/yts/img/favicon_144-vfliLAfaB.png]
[www.youtube.com/oembedb0a6.json]
[www.youtube.com/oembedcd17]
[www.youtube.com/yts/img/ringo/hitchhiker/logo_mini_gray-vflfanGkh.png]
[www.youtube.com/yts/img/ringo/hitchhiker/logo_small-vflHpzGZm.png]
[www.youtube.com/yts/img/ringo/hitchhiker/logo_small_2x-vfl4_cFqn.png]
[www.youtube.com/yts/img/ringo/hitchhiker/yt_play_logo-vflLfk4yD.png]
[www.youtube.com/yts/img/ringo/hitchhiker/yt_play_logo_2x-vflXx5Pg3.png]
[www.youtube.com/yts/img/ringo/hitchhiker/logo_youtube_red-vflZxcSR1.png]
[www.youtube.com/yts/img/ringo/hitchhiker/logo_youtube_red_2x-vflOSHA_n.png]
[www.youtube.com/yts/img/ringo/hitchhiker/video_youtube_red-vflovGTdz.png]
[www.youtube.com/yts/img/ringo/hitchhiker/video_youtube_red_2x-vflqMdgEM.png]
[www.youtube.com/yts/img/ringo/hitchhiker/video_youtube_red_hover-vflgV4Gv0.png]
[www.youtube.com/yts/img/ringo/hitchhiker/video_youtube_red_hover_2x-vflYjZHvf.png]
[www.youtube.com/yts/img/pixel-vfl3z5WfW.gif]
[www.youtube.com/index.html]
[i.ytimg.com/vi/JXpvLiPeB0c/maxresdefault.jpg]
[www.youtube.com/user/watchmojofr.html]
[www.youtube.com/embed/JXpvLiPeB0c.html]
[www.youtube.com/channel/UCRk_DB5ZQQcREqsWTeqqzLg.html]
[www.youtube.com/channel/UCxAgnFbkxldX6YUEvdcNjnA.html]
[www.youtube.com/watch8a4d.html]
[www.youtube.com/watchbd32.html]
[www.youtube.com/watchcf71.html]
[www.youtube.com/watch4777.html]
[www.youtube.com/watch084d.html]
[www.youtube.com/watch640f.html]
[www.youtube.com/watch96a3.html]
[www.youtube.com/watch44ff.html]
[www.youtube.com/watchd2fd.html]
[www.youtube.com/watchd71e.html]
[www.youtube.com/watch41a4.html]
[www.youtube.com/watcha855.html]
[www.youtube.com/watch7863.html]
[www.youtube.com/watcha590.html]
[www.youtube.com/watch6705.html]
[www.youtube.com/watcha0c2.html]
[www.youtube.com/watchedc6.html]
[www.youtube.com/watchcd3a.html]
[www.youtube.com/watch2975.html]
[www.youtube.com/watch3abd.html]
[www.youtube.com/feed/history.html]
[www.youtube.com/yts/jsbin/spf-vflRfjT3b/spf.js]
[www.youtube.com/t/terms.html]
[www.youtube.com/testtube.html]
[www.youtube.com/yts/jsbin/www-en_US-vfl9sx-7V/base.js]
[www.youtube.com/watchc0dc.html]
[s.ytimg.com/yts/imgbin/www-hitchhiker-vflpz4mR8.png]
[www.youtube.com/yts/cssbin/www-core-vflOyTMGj.css]
[www.youtube.com/yts/cssbin/player-vflfwK53B/www-player.css]
[www.youtube.com/yts/cssbin/www-pageframe-vflBE-miK.css]
[www.youtube.com/android-app_/com.google.android.youtube/http/www.youtube.com/watchc0dc.html]
[www.youtube.com/ios-app_/544007664/vnd.youtube/www.youtube.com/watchc0dc.html]
[www.youtube.com/yts/cssbin/www-watch-transcript-vflp9_n_i.css]
[www.youtube.com/feed/trending4253.html]
[www.youtube.com/feed/trending.html]
[www.youtube.com/channel/UC-9-kyTW8ZkZNDHQJ6FgpwQ.html]
[www.youtube.com/channel/UCEgdi0XIXXZ-qJOFPf4JSKw.html]
[www.youtube.com/channel/UCOpNcN46UbXVtpKMrmU4Abg.html]
[www.youtube.com/channel/UClgRkhTL3_hImCAmdLfDE4g.html]
[www.youtube.com/channel/UCpprdiXpqe_9ptggJJkHJWg.html]
[www.youtube.com/channel/UCYfdidRxbB8Qhf0Nx7ioOYw.html]
[www.youtube.com/channel/UC4R8DWoMoI7CAwX8_LjQHig.html]
[www.youtube.com/channel/UCzuqhhs6NWbgTzMuM09WKDQ.html]
[www.youtube.com/feed/guide_builder.html]
[www.youtube.com/watch5f24.html]
[i.ytimg.com/vi/Xu5eYm1Q_mg/hqdefaultece5.jpg]
[www.youtube.com/watchf25f.html]
[www.youtube.com/user/zaptele3.html]
[i.ytimg.com/vi/j-XBUfx1eto/hqdefault2028.jpg]
[www.youtube.com/watchaaa9.html]
[www.youtube.com/user/videofranceinter.html]
[i.ytimg.com/vi/S6baf8BqKDI/hqdefaultd543.jpg]
[www.youtube.com/watch48f3.html]
[www.youtube.com/user/lartisteofficiel.html]
[i.ytimg.com/vi/d_pP3WaTti8/hqdefaultc335.jpg]
[www.youtube.com/watch475d.html]
[www.youtube.com/channel/UCrQjCrWOS63rBxO15TA5CfQ.html]
[i.ytimg.com/vi/K-Ehg6xT6fc/hqdefault65a7.jpg]
[www.youtube.com/watch6042.html]
[www.youtube.com/user/INEEDMONEYOFFICIEL.html]
[i.ytimg.com/vi/ZHpmDEiusbo/hqdefault59cb.jpg]
[www.youtube.com/watchab40.html]
[www.youtube.com/user/jojol67.html]
[www.youtube.com/watchcae8.html]
[www.youtube.com/user/DrNozman.html]
[www.youtube.com/watch1ec4.html]
[www.youtube.com/channel/UChMBRboapaPi9fNnr0O76sg.html]
[www.youtube.com/watch10e6.html]
[www.youtube.com/user/ImagineDragonsVEVO.html]
[www.youtube.com/watcha620.html]
[www.youtube.com/channel/UCZSKbSg4xlgvKYk7ET7awpA.html]
[www.youtube.com/watch5723.html]
[www.youtube.com/channel/UCOchT7ZJ4TXe3stdLW1Sfxw.html]
[www.youtube.com/watch17b9.html]
[www.youtube.com/user/Booskap91.html]
[www.youtube.com/watch608f.html]
[www.youtube.com/user/haycelemsiofficiel.html]
[www.youtube.com/watch4836.html]
[www.youtube.com/channel/UC0LprMzeUL4kzry8Bs0fItw.html]
[www.youtube.com/watch69aa.html]
[www.youtube.com/channel/UC-rxbkEj6SkT4v2lniSBsVA.html]
[yt3.ggpht.com/-PZerjsxPjTQ/AAAAAAAAAAI/AAAAAAAAAAA/209pUVEYY80/s88-c-k-no-mo-rj-c0xffffff/photo.jpg]
[www.youtube.com/user/aMOODIEsqueezie.html]
[www.youtube.com/watch14a5.html]
[i.ytimg.com/vi/Ucr8ZSjC7W8/hqdefault8ee3.jpg]
[www.youtube.com/watch8677.html]
[i.ytimg.com/vi/GGePC2J42WU/hqdefaultdcac.jpg]
[www.youtube.com/watchbefe.html]
[i.ytimg.com/vi/qhPe8imp1XM/hqdefaultc585.jpg]
[www.youtube.com/watch50bc.html]
[i.ytimg.com/vi/U-9rn56VY-E/hqdefault5ecc.jpg]
[www.youtube.com/watch9fa9.html]
[i.ytimg.com/vi/uGSu6mhk3RQ/hqdefault7653.jpg]
[www.youtube.com/watch6ea4.html]
[i.ytimg.com/vi/6sRmWKMUofk/hqdefault6e63.jpg]
[www.youtube.com/watch1f6b.html]
[www.youtube.com/watch2e96.html]
[www.youtube.com/watch3d06.html]
[www.youtube.com/channel/UCxvSbBxKp88vZ6DvyJSDSFQ.html]
[www.youtube.com/watch7b4e.html]
[www.youtube.com/watch5fc6.html]
[i.ytimg.com/vi/Gcrs5VN9Lgk/hqdefault0d45.jpg]
[www.youtube.com/channel/UCCB1Byx5yTbLpQaV-rlfmtA.html]
[i.ytimg.com/vi/7in3SUmX5bc/hqdefault1976.jpg]
[www.youtube.com/watch6e71.html]
[www.youtube.com/channel/UCIyzL1MEkHm5vrNJMpbA3Fg.html]
[i.ytimg.com/vi/qmUs-uiaRvw/hqdefault8b86.jpg]
[www.youtube.com/watch777d.html]
[www.youtube.com/user/KaarisOfficielVEVO.html]
[i.ytimg.com/vi/kutk2XHEZNU/hqdefault65d3.jpg]
[www.youtube.com/watchf11d.html]
[www.youtube.com/user/VALDVEVO.html]
[i.ytimg.com/vi/8AF-Sm8d8yk/hqdefault3d8c.jpg]
[www.youtube.com/watch5c89.html]
[www.youtube.com/user/BigfloetoliVEVO.html]
[i.ytimg.com/vi/UPnMFUsKm8w/hqdefaultfd53.jpg]
[www.youtube.com/watch1b15.html]
[www.youtube.com/user/KalashVEVO.html]
[www.youtube.com/watch7235.html]
[www.youtube.com/user/romsde33.html]
[www.youtube.com/watchc17e.html]
[www.youtube.com/user/GreyNapoleonBeast.html]
[www.youtube.com/watch155c.html]
[www.youtube.com/watchb41c.html]
[www.youtube.com/channel/UChGhSbkm9jS_u1thVCeGpiw.html]
[www.youtube.com/channel/UCsFaF_3y_L__y8kWAIEhv1w.html]
[www.youtube.com/watchbe82.html]
[i.ytimg.com/vi/tVKaN_H35xs/hqdefault5276.jpg]
[www.youtube.com/channel/UC8HMvOLE0etpO_eVjJ98bHA.html]
[i.ytimg.com/vi/JjnurrQ_bMk/hqdefaultf285.jpg]
[www.youtube.com/watchba0a.html]
[www.youtube.com/channel/UCDxb4FtilR1VgJcT3_9H0Zg.html]
[i.ytimg.com/vi/hUXU19SDXoA/hqdefault1a85.jpg]
[www.youtube.com/watch47f9.html]
[www.youtube.com/user/aymaneserhani.html]
[www.youtube.com/watch1017.html]
[i.ytimg.com/vi/C00iuatMQ-g/hqdefault6e55.jpg]
[www.youtube.com/channel/UCQRELbX0H5FCokIFxOAsHFA.html]
[i.ytimg.com/vi/TJAfLE39ZZ8/hqdefault15cd.jpg]
[www.youtube.com/watchb39c.html]
[www.youtube.com/user/AmyWinehouseVEVO.html]
[i.ytimg.com/vi/LsoLEjrDogU/hqdefaulte4d6.jpg]
[www.youtube.com/watch7078.html]
[www.youtube.com/channel/UCoUM-UJ7rirJYP8CQ0EIaHA.html]
[www.youtube.com/watch8317.html]
[www.youtube.com/channel/UCUehgCa4oXHyKKSPs0KPEkw.html]
[www.youtube.com/watch5e26.html]
[www.youtube.com/channel/UCb4sXMkJQDgGPrpA7cXE4eg.html]
[www.youtube.com/watch978e.html]
[www.youtube.com/channel/UCRf3qA5PcBO_CSq50WX_HmQ.html]
[www.youtube.com/watchd6df.html]
[www.youtube.com/channel/UCDELHYLJePxrEEZLavTEWNQ.html]
[www.youtube.com/playlist08d1.html]
[www.youtube.com/watch31d5.html]
[i.ytimg.com/vi/jC30sCMTdlE/hqdefault0039.jpg]
[www.youtube.com/watch96ed.html]
[www.youtube.com/user/Filmsactu.html]
[i.ytimg.com/vi/rl0kzB_sJ9c/hqdefaultcff6.jpg]
[www.youtube.com/watch5154.html]
[www.youtube.com/user/CoDCF.html]
[i.ytimg.com/vi/noTuWxGmYlw/hqdefault3a81.jpg]
[www.youtube.com/watche6d0.html]
[www.youtube.com/user/jlooll77.html]
[i.ytimg.com/vi/NDtphDj5oe0/hqdefault4f60.jpg]
[www.youtube.com/watch3694.html]
[www.youtube.com/user/BandesAnnoncesCinema.html]
[i.ytimg.com/vi/HuXEKU0PTzw/hqdefaultb48b.jpg]
[www.youtube.com/watch3b04.html]
[i.ytimg.com/vi/QgzslSsSECM/hqdefault2152.jpg]
[www.youtube.com/watche823.html]
[www.youtube.com/watche06e.html]
[www.youtube.com/user/WaltDisneyStudiosFR.html]
[www.youtube.com/watch22b9.html]
[www.youtube.com/user/VJ4rawr2.html]
[www.youtube.com/watch395d.html]
[www.youtube.com/watch9e19.html]
[www.youtube.com/user/DisneyPixar.html]
[www.youtube.com/watch749b.html]
[www.youtube.com/watch2527.html]
[www.youtube.com/watch5110.html]
[www.youtube.com/watchbc04.html]
[www.youtube.com/playlist8a49.html]
[i.ytimg.com/vi/NtccSFkAhrM/hqdefaultd924.jpg]
[www.youtube.com/watch867d.html]
[www.youtube.com/watchc387.html]
[i.ytimg.com/vi/5UV1aEkBgAk/hqdefault80ac.jpg]
[www.youtube.com/watch99a2.html]
[www.youtube.com/channel/UC2kfDKWZai6IrtmSq60YawQ.html]
[i.ytimg.com/vi/dq6G2YWoRqA/hqdefault17ad.jpg]
[www.youtube.com/watch4ab8.html]
[www.youtube.com/user/orelsan.html]
[i.ytimg.com/vi/Y7dBjzWy6u4/hqdefault8d16.jpg]
[www.youtube.com/watch8961.html]
[www.youtube.com/user/AlonzoVEVO.html]
[i.ytimg.com/vi/TyHvyGVs42U/hqdefault211d.jpg]
[www.youtube.com/watchd623.html]
[www.youtube.com/user/LuisFonsiVEVO.html]
[i.ytimg.com/vi/2Vv-BfVoq4g/hqdefault1bdf.jpg]
[www.youtube.com/watche430.html]
[www.youtube.com/channel/UC0C-w0YjGpqDXGB8IHb662A.html]
[www.youtube.com/watchc6ad.html]
[www.youtube.com/channel/UC-y8ci7xfsu4L3zkSuHae0A.html]
[www.youtube.com/watch0c10.html]
[www.youtube.com/user/ChainsmokersVEVO.html]
[www.youtube.com/watchd1c2.html]
[www.youtube.com/channel/UCdNfJ17IUhC_KwmFa2W_Z-w.html]
[www.youtube.com/watch60aa.html]
[www.youtube.com/channel/UCXdHJabqwLJ3NvPfx6XmS5Q.html]
[www.youtube.com/watch2dc6.html]
[www.youtube.com/channel/UCvebOuGWNvuUpZBzpV_Bc9Q.html]
[www.youtube.com/watch0b59.html]
[www.youtube.com/channel/UCfih6kPJCpzWmtCFtlpYK6A.html]
[www.youtube.com/watchc7fb.html]
[www.youtube.com/user/BlackMVEVO.html]
[www.youtube.com/channel/UCCIPrrom6DIftcrInjeMvsQ.html]
[www.youtube.com/watch5881.html]
[www.youtube.com/channel/UCyavZ4THKGNCizxRSq3bwfA.html]
[www.youtube.com/watch0a5d.html]
[www.youtube.com/user/cleanbandit.html]
[www.youtube.com/watchd229.html]
[www.youtube.com/user/DjWalkzz.html]
[www.youtube.com/watche2c6.html]
[www.youtube.com/channel/UCt9sn50QjW1ch3smU0cP78A.html]
[www.youtube.com/watchf548.html]
[www.youtube.com/channel/UCAJ1rjf90IFwNGlZUYuoP1Q.html]
[www.youtube.com/watchf09a.html]
[www.youtube.com/user/AllTrapNation.html]
[www.youtube.com/watchc888.html]
[www.youtube.com/user/RecordMakers.html]
[www.youtube.com/watch3d16.html]
[www.youtube.com/channel/UCPg3xfvygstC-AkG2Fg3ZXw.html]
[www.youtube.com/watch7be8.html]
[www.youtube.com/channel/UCebZzRIco_Yyxjwcz8Xwoug.html]
[www.youtube.com/watch773e.html]
[www.youtube.com/channel/UCdKS_mDSLUkS6vDK6u1mjOg.html]
[www.youtube.com/watchd9e4.html]
[www.youtube.com/user/chinesemanrec.html]
[www.youtube.com/watch80ba.html]
[www.youtube.com/user/AndrewRayel.html]
[www.youtube.com/watch790f.html]
[www.youtube.com/user/m83.html]
[www.youtube.com/watch734f.html]
[www.youtube.com/user/scorpiodigital.html]
[www.youtube.com/watch17ca.html]
[www.youtube.com/channel/UCa-4wTwPQIEb6B_91yhTELQ.html]
[www.youtube.com/playlist5daf.html]
[www.youtube.com/watch0176.html]
[www.youtube.com/watchfc71.html]
[www.youtube.com/channel/UCUVEeaxSpH-q97yPwR7kicg.html]
[www.youtube.com/watch128c.html]
[www.youtube.com/user/Maroon5VEVO.html]
[www.youtube.com/watchd69c.html]
[www.youtube.com/channel/UCv7y2U-XosXIvLhnrOURNUA.html]
[www.youtube.com/watchfaaf.html]
[www.youtube.com/watchbe10.html]
[www.youtube.com/user/EminemVEVO.html]
[www.youtube.com/watch369a.html]
[www.youtube.com/user/KendrickLamarVEVO.html]
[www.youtube.com/watch9be5.html]
[www.youtube.com/user/DossehVEVO.html]
[www.youtube.com/watch1218.html]
[www.youtube.com/channel/UCEdvpU2pFRCVqU6yIPyTpMQ.html]
[www.youtube.com/watch5b84.html]
[www.youtube.com/channel/UCVkQ-P3Oh2cH7SYX104U8OQ.html]
[www.youtube.com/watch3aef.html]
[www.youtube.com/watch0eb7.html]
[www.youtube.com/user/muse.html]
[www.youtube.com/watch6e3c.html]
[www.youtube.com/index.html]
[www.youtube.com/user/JayRockVEVO.html]
[www.youtube.com/feeds/videos4636.xml]
[www.youtube.com/user/android-app_/com.google.android.youtube/http/www.youtube.com/channel/UCRk_DB5ZQQcREqsWTeqqzLg.13c.delayed]
[www.youtube.com/user/ios-app_/544007664/vnd.youtube/www.youtube.com/channel/UCRk_DB5ZQQcREqsWTeqqzLg.13d.delayed]
[yt3.ggpht.com/-7rtp4tSKiJ4/AAAAAAAAAAI/AAAAAAAAAAA/SjYvHfrwD-g/s100-mo-c-c0xffffffff-rj-k-no/photo.jpg]
[www.youtube.com/user/watchmojofr/videos4253.html]
[www.youtube.com/user/watchmojofr/playlists4253.html]
[www.youtube.com/user/watchmojofr/community4253.html]
[www.youtube.com/user/watchmojofr/channels4253.html]
[www.youtube.com/user/watchmojofr/about4253.html]
[www.youtube.com/watchc7f8.html]
[www.youtube.com/user/watchmojofr/videos81c7.html]
[www.youtube.com/watch2c6d.html]
[www.youtube.com/watch222a.html]
[www.youtube.com/watch3e07.html]
[www.youtube.com/watcha1e5.html]
[www.youtube.com/watch047a.html]
[www.youtube.com/watch3c2f.html]
[www.youtube.com/watch5f8e.html]
[www.youtube.com/watch07ef.html]
[www.youtube.com/watch0ee5.html]
[www.youtube.com/watchf89f.html]
[www.youtube.com/user/watchmojofr/videos4b0f.html]
[www.youtube.com/watche869.html]
[www.youtube.com/watchede7.html]
[www.youtube.com/watch0056.html]
[www.youtube.com/watch2c8e.html]
[www.youtube.com/watche8a3.html]
[www.youtube.com/watchcc33.html]
[www.youtube.com/watchab63.html]
[www.youtube.com/watch5720.html]
[www.youtube.com/watchb20f.html]
[www.youtube.com/watch96d6.html]
[www.youtube.com/watch0803.html]
[www.youtube.com/watchd7c0.html]
[www.youtube.com/playlistee55.html]
[www.youtube.com/watchac0a.html]
[www.youtube.com/watchc745.html]
[www.youtube.com/watch87da.html]
[www.youtube.com/watch5d2c.html]
[www.youtube.com/watch092b.html]
[www.youtube.com/watchead4.html]
[www.youtube.com/watch820e.html]
[www.youtube.com/watchb464.html]
[www.youtube.com/watche807.html]
[www.youtube.com/watch6cd9.html]
[www.youtube.com/watch6d31.html]
[www.youtube.com/playlistee1c.html]
[www.youtube.com/watchcd08.html]
[www.youtube.com/watchf628.html]
[www.youtube.com/watch3df1.html]
[www.youtube.com/watchcacc.html]
[www.youtube.com/watch5963.html]
[www.youtube.com/watchae4d.html]
[www.youtube.com/watch571e.html]
[www.youtube.com/watch3e57.html]
[www.youtube.com/watchdc42.html]
[www.youtube.com/watchcf60.html]
[www.youtube.com/watch06e7.html]
[www.youtube.com/playlist1258.html]
[www.youtube.com/watch47ed.html]
[www.youtube.com/watch0268.html]
[www.youtube.com/watch2fc8.html]
[www.youtube.com/watchaf69.html]
[www.youtube.com/watch0c2e.html]
[www.youtube.com/watch9a14.html]
[www.youtube.com/watchc87a.html]
[www.youtube.com/watch5e81.html]
[www.youtube.com/watchb8eb.html]
[www.youtube.com/watch0d8e.html]
[www.youtube.com/watch24eb.html]
[www.youtube.com/user/WatchMojo.html]
[www.youtube.com/channel/UC3rLoj87ctEHCcS7BuvIzkQ.html]
[www.youtube.com/user/watchmojoespanol.html]
[www.youtube.com/channel/UCK57nDAtwyO031fWq_YSV0w.html]
[www.youtube.com/channel/UC6bdC9zbCM16VymF2b51oJg.html]
[www.youtube.com/channel/UCht3DEu9qWOSQWa1YzxADjA.html]
[www.youtube.com/channel/UC9hLYAhlQsx71_yNUbTeWWQ.html]
[www.youtube.com/channel/UCV_0rWL0R2EcYlcko1ZxUIg.html]
[www.youtube.com/channel/UC0CC_MaeMKk6qRoQVwFdo_g.html]
[www.youtube.com/channel/UCH0XvUpYcxn4V0iZGnZXMnQ.html]
[www.youtube.com/user/allocine.html]
[www.youtube.com/channel/UCfGfdZuYifBYb1fmZcL1JBQ.html]
[www.youtube.com/user/watchmojofr.html]
[www.youtube.com/channel/UCSse-lNI1DQ4w-8lh7vfPUw.html]
[www.youtube.com/yts/jsbin/www-embed-player-vfl656vqZ/www-embed-player.js]
[www.youtube.com/embed/JXpvLiPeB0c.html]
[s.ytimg.com/yts/img/avatar_720-vflYJnzBZ.png]
[www.youtube.com/channel/android-app_/com.google.android.youtube/http/www.youtube.com/channel/UCRk_DB5ZQQcREqsWTeqqzLg.194.delayed]
[www.youtube.com/channel/ios-app_/544007664/vnd.youtube/www.youtube.com/channel/UCRk_DB5ZQQcREqsWTeqqzLg.195.delayed]
[i.ytimg.com/vi/KQXdNzPJy7M/hqdefaultd67e.jpg]
[i.ytimg.com/vi/bkqJN7QK-pg/hqdefault25f3.jpg]
[i.ytimg.com/vi/jqfUS3YlVoA/hqdefault3427.jpg]
[i.ytimg.com/vi/z88k39iZmcY/hqdefault07bc.jpg]
[i.ytimg.com/vi/LtNeB5HXB60/hqdefaulte6ae.jpg]
[i.ytimg.com/vi/0cxagh6KD30/hqdefaultda01.jpg]
[i.ytimg.com/vi/U9HPWAWVqQ4/hqdefault4c60.jpg]
[i.ytimg.com/vi/m04j7qv2Qqg/hqdefaulta895.jpg]
[i.ytimg.com/vi/atafppEzdWA/hqdefault412d.jpg]
[i.ytimg.com/vi/7drAOmV_-As/hqdefault4e4d.jpg]
[i.ytimg.com/vi/29KP8G5i3iQ/hqdefault8b0c.jpg]
[i.ytimg.com/vi/sfJBGb7qd9I/hqdefault73f4.jpg]
[i.ytimg.com/vi/-zqZQsyser4/hqdefault1912.jpg]
[i.ytimg.com/vi/-yBEwe-euPE/hqdefault6773.jpg]
[i.ytimg.com/vi/_jTRROy7Qgo/hqdefaultb1d4.jpg]
[i.ytimg.com/vi/QXVuPTmX2HE/hqdefault74be.jpg]
[i.ytimg.com/vi/ephpBBEyONw/hqdefault534e.jpg]
[i.ytimg.com/vi/gA1ZXBqI-FU/hqdefault2146.jpg]
[i.ytimg.com/vi/56jptJfFTRs/hqdefault20bf.jpg]
[i.ytimg.com/vi/7CO5lsVKj54/hqdefaultec70.jpg]
[i.ytimg.com/vi/pm7-iYB7SI4/hqdefaultc2e3.jpg]
[i.ytimg.com/vi/SCGbJOF9y-g/hqdefault3de5.jpg]
[i.ytimg.com/vi/7gxyGssDWYc/hqdefaultf005.jpg]
[i.ytimg.com/vi/qkfxtlseqmQ/hqdefault6c2a.jpg]
[i.ytimg.com/vi/AVn0gorWwak/hqdefaultbaaa.jpg]
[i.ytimg.com/vi/IWJ9gWGjYR8/hqdefaultece2.jpg]
[i.ytimg.com/vi/d9xuUV-Ut_o/hqdefaultb556.jpg]
[i.ytimg.com/vi/2C3oZQuSIJk/hqdefaultbb8c.jpg]
[i.ytimg.com/vi/hX4pF29hPAs/hqdefaultbc0b.jpg]
[i.ytimg.com/vi/DmiiDRfx0Tk/hqdefault28e3.jpg]
[i.ytimg.com/vi/VbOGeDZG8Y0/hqdefault1fe6.jpg]
[i.ytimg.com/vi/ohitxon-EV8/hqdefault7693.jpg]
[i.ytimg.com/vi/XTo6XnNlLCM/hqdefaultcaeb.jpg]
[i.ytimg.com/vi/rAcbQRG9Wq4/hqdefault35d4.jpg]
[i.ytimg.com/vi/sLknUd5Je0o/hqdefault03c0.jpg]
[i.ytimg.com/vi/oxA_cX9GHM0/hqdefault919c.jpg]
[i.ytimg.com/vi/bgfck7AbZ6I/hqdefaultd124.jpg]
[i.ytimg.com/vi/4Bmf_TTDDNc/hqdefault0be9.jpg]
[i.ytimg.com/vi/amBIl9JRd50/hqdefault5467.jpg]
[i.ytimg.com/vi/HWBEceqlfaU/hqdefault83ed.jpg]
[i.ytimg.com/vi/YomNu6eq_3A/hqdefault6b07.jpg]
[i.ytimg.com/vi/XZzFf1fh6rk/hqdefault9075.jpg]
[i.ytimg.com/vi/DBr7zl6AODk/hqdefault9c5c.jpg]
[i.ytimg.com/vi/4k4n08ckQc0/hqdefault6963.jpg]
[i.ytimg.com/vi/OLcHhs9hXPE/hqdefault40aa.jpg]
[i.ytimg.com/vi/hkL7o8NZLdc/hqdefault8298.jpg]
[i.ytimg.com/vi/L1cRJRhcI9c/hqdefault093c.jpg]
[i.ytimg.com/vi/70Yrxxc8dfg/hqdefault1092.jpg]
[i.ytimg.com/vi/fVICY2OIoKA/hqdefault4624.jpg]
[i.ytimg.com/vi/ofa469iryUs/hqdefault6f25.jpg]
[i.ytimg.com/vi/19L3j08FZt8/hqdefault4fb3.jpg]
[i.ytimg.com/vi/TCr054fwIZk/hqdefault9fdd.jpg]
[i.ytimg.com/vi/A7offJWRy3o/hqdefaultf0f2.jpg]
[i.ytimg.com/vi/D9Cgg20Ptws/hqdefaulte3c3.jpg]
[www.youtube.com/channel/UCRk_DB5ZQQcREqsWTeqqzLg.html]
[www.youtube.com/channel/android-app_/com.google.android.youtube/http/www.youtube.com/channel/UCxAgnFbkxldX6YUEvdcNjnA.1ce.delayed]
[www.youtube.com/channel/ios-app_/544007664/vnd.youtube/www.youtube.com/channel/UCxAgnFbkxldX6YUEvdcNjnA.1cf.delayed]
[www.youtube.com/channel/UCxAgnFbkxldX6YUEvdcNjnA/videos4253.html]
[www.youtube.com/channel/UCxAgnFbkxldX6YUEvdcNjnA/playlists4253.html]
[www.youtube.com/channel/UCxAgnFbkxldX6YUEvdcNjnA/channels4253.html]
[www.youtube.com/channel/UCxAgnFbkxldX6YUEvdcNjnA/about4253.html]
[www.youtube.com/watchddda.html]
[www.youtube.com/channel/UC_IRYSp4auq7hKLvziWVH6w.html]
[www.youtube.com/channel/UC_i8X3p8oZNaik8X513Zn1Q.html]
[www.youtube.com/watch761c.html]
[www.youtube.com/channel/UCakQLdwrxuo0KhJ49Sq2csA.html]
[www.youtube.com/channel/UClz394yrcpOnPEHqO4_Gjpg.html]
[www.youtube.com/channel/UCcv9_SD5a2x3T52pjHglPeQ.html]
[www.youtube.com/watchdedf.html]
[www.youtube.com/channel/UCKpRJZK14ZH7ffHtXMwPcTg.html]
[www.youtube.com/channel/UCsb2tMsyW2najK5my0ja9mA.html]
[www.youtube.com/channel/UC5i9ji_nljs6-mp0jz_hOHg.html]
[www.youtube.com/channel/UCxAgnFbkxldX6YUEvdcNjnA/channels1509.html]
[www.youtube.com/channel/UCdnf9AzB75dc3ytIIK01oYA.html]
[www.youtube.com/channel/UCEdqlNWtLwwgwLf3Nko-tDA.html]
[www.youtube.com/channel/UCHFqDPJB9xM91Uk51fI4cLg.html]
[www.youtube.com/channel/UC4t7F_yPegyppj_fUY5Sl1A.html]
[www.youtube.com/channel/UCxAgnFbkxldX6YUEvdcNjnA.html]
[www.youtube.com/watch8a4d.html]
[www.youtube.com/watchbd32.html]
[www.youtube.com/watchcf71.html]
[www.youtube.com/watch4777.html]
[www.youtube.com/watch084d.html]
[www.youtube.com/watch640f.html]
[www.youtube.com/watch96a3.html]
